// Jest Snapshot v1, https://goo.gl/fbAQLP

exports[`enum.php 1`] = `
====================================options=====================================
parsers: ["php"]
printWidth: 80
                                                                                | printWidth
=====================================input======================================
<?php

enum BackedSuit: string
{
	case Spades = 5;
}
=====================================output=====================================
<?php

enum BackedSuit: string
{
    case Spades = 5;
}

================================================================================
`;
